Test Report: PASS
========================================================================
Total: 1364  Passed: 1364  Failed: 0  Errors: 0

All tests passed.
